=== shard t_1_1_1_2 ===
  ...50 tried, 3 s
  ...100 tried, 6 s
  ...150 tried, 8 s
  ...200 tried, 11 s
  ...250 tried, 31 s
  ...300 tried, 64 s
  ...350 tried, 104 s
  ...400 tried, 150 s
  ...450 tried, 154 s
  ...500 tried, 158 s
  ...550 tried, 163 s
  ...600 tried, 168 s
  ...650 tried, 190 s
  ...700 tried, 228 s
  ...750 tried, 285 s
  ...800 tried, 322 s
  ...850 tried, 327 s
  ...900 tried, 365 s
  ...950 tried, 537 s
  ...1000 tried, 590 s
  ...1050 tried, 614 s
  ...1100 tried, 643 s
  ...1150 tried, 681 s
  ...1200 tried, 715 s
subpackage: t_1_algebraic_functions.t_1_1_binomial_products.t_1_1_1_linear.t_1_1_1_2
cases seen: 1914, attemptable radicals tried: 1247, 745 s
concrete    ( 126): SOLVED 64, partial 48, timeout 14
parametric  (1121): partial 626, SOLVED 415, timeout 80

  SOLVED     concrete    t_1_1_1_2    pi/sqrt(16 - exp(2))
  SOLVED     concrete    t_1_1_1_2    x**(5/2)
  SOLVED     concrete    t_1_1_1_2    x**(3/2)
  SOLVED     concrete    t_1_1_1_2    sqrt(x)
  SOLVED     concrete    t_1_1_1_2    1/sqrt(x)
  SOLVED     concrete    t_1_1_1_2    x**(-3/2)
  SOLVED     concrete    t_1_1_1_2    x**(-5/2)
  SOLVED     concrete    t_1_1_1_2    x**(5/3)
  SOLVED     concrete    t_1_1_1_2    x**(4/3)
  SOLVED     concrete    t_1_1_1_2    x**(2/3)
  SOLVED     concrete    t_1_1_1_2    x**(1/3)
  SOLVED     concrete    t_1_1_1_2    x**(-1/3)
  SOLVED     concrete    t_1_1_1_2    x**(-2/3)
  SOLVED     concrete    t_1_1_1_2    x**(-4/3)
  SOLVED     concrete    t_1_1_1_2    x**(-5/3)
  SOLVED     parametric  t_1_1_1_2    1/(e*(c + d*x) + sqrt(-a))
  SOLVED     parametric  t_1_1_1_2    (c + d*(a + b*x))**(5/2)
  SOLVED     parametric  t_1_1_1_2    (c + d*(a + b*x))**(3/2)
  SOLVED     parametric  t_1_1_1_2    sqrt(c + d*(a + b*x))
  SOLVED     parametric  t_1_1_1_2    1/sqrt(c + d*(a + b*x))
  SOLVED     parametric  t_1_1_1_2    (c + d*(a + b*x))**(-3/2)
  SOLVED     parametric  t_1_1_1_2    (c + d*(a + b*x))**(-5/2)
  SOLVED     parametric  t_1_1_1_2    1/(sqrt(a)*x + a)
  SOLVED     parametric  t_1_1_1_2    1/(a + x*sqrt(-a))
  SOLVED     parametric  t_1_1_1_2    1/(a**2 + x*sqrt(-a))
  SOLVED     parametric  t_1_1_1_2    1/(a**3 + x*sqrt(-a))
  SOLVED     parametric  t_1_1_1_2    1/(x*sqrt(-a) + 1/a)
  SOLVED     parametric  t_1_1_1_2    1/(x*sqrt(-a) + a**(-2))
  SOLVED     parametric  t_1_1_1_2    x**3*sqrt(a + b*x)
  SOLVED     parametric  t_1_1_1_2    x**2*sqrt(a + b*x)
  SOLVED     parametric  t_1_1_1_2    x*sqrt(a + b*x)
  SOLVED     parametric  t_1_1_1_2    sqrt(a + b*x)
  SOLVED     parametric  t_1_1_1_2    x**3*(a + b*x)**(3/2)
  SOLVED     parametric  t_1_1_1_2    x**2*(a + b*x)**(3/2)
  SOLVED     parametric  t_1_1_1_2    x*(a + b*x)**(3/2)
  SOLVED     parametric  t_1_1_1_2    (a + b*x)**(3/2)
  SOLVED     parametric  t_1_1_1_2    x**3*(a + b*x)**(5/2)
  SOLVED     parametric  t_1_1_1_2    x**2*(a + b*x)**(5/2)
  SOLVED     parametric  t_1_1_1_2    x*(a + b*x)**(5/2)
  SOLVED     parametric  t_1_1_1_2    (a + b*x)**(5/2)
  SOLVED     parametric  t_1_1_1_2    x**7*(a + b*x)**(9/2)
  SOLVED     parametric  t_1_1_1_2    x**6*(a + b*x)**(9/2)
  SOLVED     parametric  t_1_1_1_2    x**5*(a + b*x)**(9/2)
  SOLVED     parametric  t_1_1_1_2    x**4*(a + b*x)**(9/2)
  SOLVED     parametric  t_1_1_1_2    x**3*(a + b*x)**(9/2)
  SOLVED     parametric  t_1_1_1_2    x**2*(a + b*x)**(9/2)
  SOLVED     parametric  t_1_1_1_2    x*(a + b*x)**(9/2)
  SOLVED     parametric  t_1_1_1_2    (a + b*x)**(9/2)
  SOLVED     parametric  t_1_1_1_2    x**4/sqrt(a + b*x)
  SOLVED     parametric  t_1_1_1_2    x**3/sqrt(a + b*x)
  SOLVED     parametric  t_1_1_1_2    x**2/sqrt(a + b*x)
  SOLVED     parametric  t_1_1_1_2    x/sqrt(a + b*x)
  SOLVED     parametric  t_1_1_1_2    1/sqrt(a + b*x)
  SOLVED     parametric  t_1_1_1_2    x**4/(a + b*x)**(3/2)
  SOLVED     parametric  t_1_1_1_2    x**3/(a + b*x)**(3/2)
  SOLVED     parametric  t_1_1_1_2    x**2/(a + b*x)**(3/2)
  SOLVED     parametric  t_1_1_1_2    x/(a + b*x)**(3/2)
  SOLVED     parametric  t_1_1_1_2    (a + b*x)**(-3/2)
  SOLVED     parametric  t_1_1_1_2    x**4/(a + b*x)**(5/2)
  SOLVED     parametric  t_1_1_1_2    x**3/(a + b*x)**(5/2)
=== shard t_1_1_1_3 ===
  ...50 tried, 6 s
  ...100 tried, 10 s
  ...150 tried, 23 s
  ...200 tried, 56 s
  ...250 tried, 176 s
  ...300 tried, 328 s
  ...350 tried, 489 s
  ...400 tried, 627 s
  ...450 tried, 749 s
  ...500 tried, 833 s
  ...550 tried, 893 s
  ...600 tried, 961 s
  ...650 tried, 966 s
  ...700 tried, 969 s
  ...750 tried, 971 s
  ...800 tried, 974 s
  ...850 tried, 976 s
  ...900 tried, 979 s
  ...950 tried, 982 s
  ...1000 tried, 984 s
  ...1050 tried, 986 s
  ...1100 tried, 1054 s
  ...1150 tried, 1104 s
  ...1200 tried, 1150 s
  ...1250 tried, 1182 s
  ...1300 tried, 1219 s
  ...1350 tried, 1250 s
  ...1400 tried, 1297 s
  ...1450 tried, 1355 s
  ...1500 tried, 1442 s
  ...1550 tried, 1557 s
  ...1600 tried, 1699 s
  ...1650 tried, 1881 s
  ...1700 tried, 2006 s
  ...1750 tried, 2091 s
  ...1800 tried, 2220 s
  ...1850 tried, 2356 s
  ...1900 tried, 2495 s
subpackage: t_1_algebraic_functions.t_1_1_binomial_products.t_1_1_1_linear.t_1_1_1_3
cases seen: 3173, attemptable radicals tried: 1903, 2510 s
concrete    (1185): partial 935, SOLVED 131, timeout 119
parametric  ( 718): partial 366, timeout 196, SOLVED 156

  SOLVED     parametric  t_1_1_1_3    x**(7/2)*(A + B*x)*(a + b*x)
  SOLVED     parametric  t_1_1_1_3    x**(5/2)*(A + B*x)*(a + b*x)
  SOLVED     parametric  t_1_1_1_3    x**(3/2)*(A + B*x)*(a + b*x)
  SOLVED     parametric  t_1_1_1_3    sqrt(x)*(A + B*x)*(a + b*x)
  SOLVED     parametric  t_1_1_1_3    (A + B*x)*(a + b*x)/sqrt(x)
  SOLVED     parametric  t_1_1_1_3    (A + B*x)*(a + b*x)/x**(3/2)
  SOLVED     parametric  t_1_1_1_3    (A + B*x)*(a + b*x)/x**(5/2)
  SOLVED     parametric  t_1_1_1_3    (A + B*x)*(a + b*x)/x**(7/2)
  SOLVED     parametric  t_1_1_1_3    x**(7/2)*(A + B*x)*(a + b*x)**2
  SOLVED     parametric  t_1_1_1_3    x**(5/2)*(A + B*x)*(a + b*x)**2
  SOLVED     parametric  t_1_1_1_3    x**(3/2)*(A + B*x)*(a + b*x)**2
  SOLVED     parametric  t_1_1_1_3    sqrt(x)*(A + B*x)*(a + b*x)**2
  SOLVED     parametric  t_1_1_1_3    (A + B*x)*(a + b*x)**2/sqrt(x)
  SOLVED     parametric  t_1_1_1_3    (A + B*x)*(a + b*x)**2/x**(3/2)
  SOLVED     parametric  t_1_1_1_3    (A + B*x)*(a + b*x)**2/x**(5/2)
  SOLVED     parametric  t_1_1_1_3    (A + B*x)*(a + b*x)**2/x**(7/2)
  SOLVED     parametric  t_1_1_1_3    x**(7/2)*(A + B*x)*(a + b*x)**3
  SOLVED     parametric  t_1_1_1_3    x**(5/2)*(A + B*x)*(a + b*x)**3
  SOLVED     parametric  t_1_1_1_3    x**(3/2)*(A + B*x)*(a + b*x)**3
  SOLVED     parametric  t_1_1_1_3    sqrt(x)*(A + B*x)*(a + b*x)**3
  SOLVED     parametric  t_1_1_1_3    (A + B*x)*(a + b*x)**3/sqrt(x)
  SOLVED     parametric  t_1_1_1_3    (A + B*x)*(a + b*x)**3/x**(3/2)
  SOLVED     parametric  t_1_1_1_3    (A + B*x)*(a + b*x)**3/x**(5/2)
  SOLVED     parametric  t_1_1_1_3    (A + B*x)*(a + b*x)**3/x**(7/2)
  SOLVED     parametric  t_1_1_1_3    x**4*(A + B*x)*sqrt(a + b*x)
  SOLVED     parametric  t_1_1_1_3    x**3*(A + B*x)*sqrt(a + b*x)
  SOLVED     parametric  t_1_1_1_3    x**2*(A + B*x)*sqrt(a + b*x)
  SOLVED     parametric  t_1_1_1_3    x*(A + B*x)*sqrt(a + b*x)
  SOLVED     parametric  t_1_1_1_3    (A + B*x)*sqrt(a + b*x)
  SOLVED     parametric  t_1_1_1_3    x**4*(A + B*x)*(a + b*x)**(3/2)
  SOLVED     parametric  t_1_1_1_3    x**3*(A + B*x)*(a + b*x)**(3/2)
  SOLVED     parametric  t_1_1_1_3    x**2*(A + B*x)*(a + b*x)**(3/2)
  SOLVED     parametric  t_1_1_1_3    x*(A + B*x)*(a + b*x)**(3/2)
  SOLVED     parametric  t_1_1_1_3    (A + B*x)*(a + b*x)**(3/2)
  SOLVED     parametric  t_1_1_1_3    x**4*(A + B*x)*(a + b*x)**(5/2)
  SOLVED     parametric  t_1_1_1_3    x**3*(A + B*x)*(a + b*x)**(5/2)
  SOLVED     parametric  t_1_1_1_3    x**2*(A + B*x)*(a + b*x)**(5/2)
  SOLVED     parametric  t_1_1_1_3    x*(A + B*x)*(a + b*x)**(5/2)
  SOLVED     parametric  t_1_1_1_3    (A + B*x)*(a + b*x)**(5/2)
  SOLVED     parametric  t_1_1_1_3    x**4*(A + B*x)/sqrt(a + b*x)
  SOLVED     parametric  t_1_1_1_3    x**3*(A + B*x)/sqrt(a + b*x)
  SOLVED     parametric  t_1_1_1_3    x**2*(A + B*x)/sqrt(a + b*x)
  SOLVED     parametric  t_1_1_1_3    x*(A + B*x)/sqrt(a + b*x)
  SOLVED     parametric  t_1_1_1_3    (A + B*x)/sqrt(a + b*x)
  SOLVED     parametric  t_1_1_1_3    x**4*(A + B*x)/(a + b*x)**(3/2)
  SOLVED     parametric  t_1_1_1_3    x**3*(A + B*x)/(a + b*x)**(3/2)
  SOLVED     parametric  t_1_1_1_3    x**2*(A + B*x)/(a + b*x)**(3/2)
  SOLVED     parametric  t_1_1_1_3    x*(A + B*x)/(a + b*x)**(3/2)
  SOLVED     parametric  t_1_1_1_3    (A + B*x)/(a + b*x)**(3/2)
  SOLVED     parametric  t_1_1_1_3    x**4*(A + B*x)/(a + b*x)**(5/2)
  SOLVED     parametric  t_1_1_1_3    x**3*(A + B*x)/(a + b*x)**(5/2)
  SOLVED     parametric  t_1_1_1_3    x**2*(A + B*x)/(a + b*x)**(5/2)
  SOLVED     parametric  t_1_1_1_3    x*(A + B*x)/(a + b*x)**(5/2)
  SOLVED     parametric  t_1_1_1_3    (A + B*x)/(a + b*x)**(5/2)
  SOLVED     parametric  t_1_1_1_3    (A + B*x)*sqrt(a + b*x)/x**(7/2)
  SOLVED     parametric  t_1_1_1_3    (A + B*x)*sqrt(a + b*x)/x**(9/2)
  SOLVED     parametric  t_1_1_1_3    (A + B*x)*sqrt(a + b*x)/x**(11/2)
  SOLVED     parametric  t_1_1_1_3    (A + B*x)*sqrt(a + b*x)/x**(13/2)
  SOLVED     parametric  t_1_1_1_3    (A + B*x)*sqrt(a + b*x)/x**(15/2)
  SOLVED     parametric  t_1_1_1_3    (A + B*x)*(a + b*x)**(3/2)/x**(9/2)
=== shard t_1_1_1_4 ===
  ...50 tried, 42 s
  ...100 tried, 212 s
subpackage: t_1_algebraic_functions.t_1_1_binomial_products.t_1_1_1_linear.t_1_1_1_4
cases seen: 148, attemptable radicals tried: 105, 217 s
concrete    (  56): partial 31, NIE 13, timeout 12
parametric  (  49): partial 26, timeout 17, SOLVED 4, NIE 2

  SOLVED     parametric  t_1_1_1_4    (a*x + 1)/(x**2*sqrt(a*x)*sqrt(-a*x + 1))
  SOLVED     parametric  t_1_1_1_4    (a*x + 1)/(x**3*sqrt(a*x)*sqrt(-a*x + 1))
  SOLVED     parametric  t_1_1_1_4    (a*x + 1)/(x**4*sqrt(a*x)*sqrt(-a*x + 1))
  SOLVED     parametric  t_1_1_1_4    (a*x + 1)/(x**5*sqrt(a*x)*sqrt(-a*x + 1))
=== shard t_1_1_1_5 ===
subpackage: t_1_algebraic_functions.t_1_1_binomial_products.t_1_1_1_linear.t_1_1_1_5
cases seen: 34, attemptable radicals tried: 24, 12 s
parametric  (  24): SOLVED 12, partial 12

  SOLVED     parametric  t_1_1_1_5    (a + b*x)**3*(A + B*x + C*x**2 + D*x**3)/sqrt(c + d*x)
  SOLVED     parametric  t_1_1_1_5    (a + b*x)**2*(A + B*x + C*x**2 + D*x**3)/sqrt(c + d*x)
  SOLVED     parametric  t_1_1_1_5    (a + b*x)*(A + B*x + C*x**2 + D*x**3)/sqrt(c + d*x)
  SOLVED     parametric  t_1_1_1_5    (A + B*x + C*x**2 + D*x**3)/sqrt(c + d*x)
  SOLVED     parametric  t_1_1_1_5    (a + b*x)**3*(A + B*x + C*x**2 + D*x**3)/(c + d*x)**(3/2)
  SOLVED     parametric  t_1_1_1_5    (a + b*x)**2*(A + B*x + C*x**2 + D*x**3)/(c + d*x)**(3/2)
  SOLVED     parametric  t_1_1_1_5    (a + b*x)*(A + B*x + C*x**2 + D*x**3)/(c + d*x)**(3/2)
  SOLVED     parametric  t_1_1_1_5    (A + B*x + C*x**2 + D*x**3)/(c + d*x)**(3/2)
  SOLVED     parametric  t_1_1_1_5    (a + b*x)**3*(A + B*x + C*x**2 + D*x**3)/(c + d*x)**(5/2)
  SOLVED     parametric  t_1_1_1_5    (a + b*x)**2*(A + B*x + C*x**2 + D*x**3)/(c + d*x)**(5/2)
  SOLVED     parametric  t_1_1_1_5    (a + b*x)*(A + B*x + C*x**2 + D*x**3)/(c + d*x)**(5/2)
  SOLVED     parametric  t_1_1_1_5    (A + B*x + C*x**2 + D*x**3)/(c + d*x)**(5/2)
=== shard t_1_1_1_6 ===
  ...50 tried, 126 s
subpackage: t_1_algebraic_functions.t_1_1_binomial_products.t_1_1_1_linear.t_1_1_1_6
cases seen: 71, attemptable radicals tried: 71, 232 s
parametric  (  71): partial 38, timeout 33

=== shard t_1_1_1_7 ===
subpackage: t_1_algebraic_functions.t_1_1_binomial_products.t_1_1_1_linear.t_1_1_1_7
cases seen: 35, attemptable radicals tried: 35, 175 s
parametric  (  35): timeout 35

